// Jest Snapshot v1, https://goo.gl/fbAQLP

exports[`matches snapshot 1`] = `
Object {
  "asFragment": [Function],
  "baseElement": <body>
    <div>
      <div
        class="page"
      >
        <div
          class="header orange"
          role="banner"
        >
          <img
            alt="logo"
            class="App-logo"
            src="gitlab-logo-w.png"
          />
          <div
            class="header-text-container"
          >
            <h1
              class="header-text"
            >
              Lab Assistant
            </h1>
          </div>
          <div
            class="theme-switch-container"
          >
            <span
              aria-label="bg-colors"
              class="anticon anticon-bg-colors theme-switch-icon"
              role="img"
            >
              <svg
                aria-hidden="true"
                data-icon="bg-colors"
                fill="currentColor"
                focusable="false"
                height="1em"
                viewBox="64 64 896 896"
                width="1em"
              >
                <path
                  d="M766.4 744.3c43.7 0 79.4-36.2 79.4-80.5 0-53.5-79.4-140.8-79.4-140.8S687 610.3 687 663.8c0 44.3 35.7 80.5 79.4 80.5zm-377.1-44.1c7.1 7.1 18.6 7.1 25.6 0l256.1-256c7.1-7.1 7.1-18.6 0-25.6l-256-256c-.6-.6-1.3-1.2-2-1.7l-78.2-78.2a9.11 9.11 0 00-12.8 0l-48 48a9.11 9.11 0 000 12.8l67.2 67.2-207.8 207.9c-7.1 7.1-7.1 18.6 0 25.6l255.9 256zm12.9-448.6l178.9 178.9H223.4l178.8-178.9zM904 816H120c-4.4 0-8 3.6-8 8v80c0 4.4 3.6 8 8 8h784c4.4 0 8-3.6 8-8v-80c0-4.4-3.6-8-8-8z"
                />
              </svg>
            </span>
            <button
              aria-checked="false"
              class="ant-switch theme-switch orange"
              role="switch"
              type="button"
            >
              <div
                class="ant-switch-handle"
              />
              <span
                class="ant-switch-inner"
              />
            </button>
          </div>
        </div>
        <div
          class="authFormContainer"
        >
          <div
            class="auth-form"
          >
            <div
              class="ant-alert ant-alert-info ant-alert-with-description auth-form-info"
              data-show="true"
              role="alert"
            >
              <span
                aria-label="info-circle"
                class="anticon anticon-info-circle ant-alert-icon"
                role="img"
              >
                <svg
                  aria-hidden="true"
                  data-icon="info-circle"
                  fill="currentColor"
                  focusable="false"
                  height="1em"
                  viewBox="64 64 896 896"
                  width="1em"
                >
                  <path
                    d="M512 64C264.6 64 64 264.6 64 512s200.6 448 448 448 448-200.6 448-448S759.4 64 512 64zm0 820c-205.4 0-372-166.6-372-372s166.6-372 372-372 372 166.6 372 372-166.6 372-372 372z"
                  />
                  <path
                    d="M464 336a48 48 0 1096 0 48 48 0 10-96 0zm72 112h-48c-4.4 0-8 3.6-8 8v272c0 4.4 3.6 8 8 8h48c4.4 0 8-3.6 8-8V456c0-4.4-3.6-8-8-8z"
                  />
                </svg>
              </span>
              <div
                class="ant-alert-content"
              >
                <div
                  class="ant-alert-message"
                >
                  Welcome!
                </div>
                <div
                  class="ant-alert-description"
                >
                  <span
                    class="ant-typography"
                  >
                    <div
                      class="ant-typography"
                    >
                      In order to display some cool insights into your project, we need valid credentials for accessing your GitLab project.
                    </div>
                    <div
                      class="ant-typography"
                    >
                      Your project identification can either be the number displayed right under your project name on GitLab, or the project path visible in the URL (the part after 
                      <span
                        class="ant-typography"
                      >
                        <code>
                          https://gitlab.stud.idi.ntnu.no/
                        </code>
                      </span>
                      )
                    </div>
                    <div
                      class="ant-typography"
                    >
                      An access token can be generated from GitLab at 
                      <span
                        class="ant-typography"
                      >
                        <code>
                          Settings &gt; Access Tokens
                        </code>
                      </span>
                    </div>
                  </span>
                </div>
              </div>
            </div>
            <form
              class="ant-form ant-form-vertical"
            >
              <div
                class="ant-row ant-form-item"
              >
                <div
                  class="ant-col ant-form-item-label"
                >
                  <label
                    class="ant-form-item-required"
                    for="projectId"
                    title="Project Identification"
                  >
                    Project Identification
                  </label>
                </div>
                <div
                  class="ant-col ant-form-item-control"
                >
                  <div
                    class="ant-form-item-control-input"
                  >
                    <div
                      class="ant-form-item-control-input-content"
                    >
                      <input
                        aria-label="projectIdInput"
                        class="ant-input"
                        id="projectId"
                        placeholder="e.g. '12345' or 'it2810-h21/team-321/project-2'"
                        type="text"
                        value=""
                      />
                    </div>
                  </div>
                </div>
              </div>
              <div
                class="ant-row ant-form-item"
              >
                <div
                  class="ant-col ant-form-item-label"
                >
                  <label
                    class="ant-form-item-required"
                    for="accessToken"
                    title="Access Token"
                  >
                    Access Token
                  </label>
                </div>
                <div
                  class="ant-col ant-form-item-control"
                >
                  <div
                    class="ant-form-item-control-input"
                  >
                    <div
                      class="ant-form-item-control-input-content"
                    >
                      <span
                        class="ant-input-affix-wrapper ant-input-password"
                      >
                        <input
                          action="click"
                          aria-label="accessTokenInput"
                          class="ant-input"
                          id="accessToken"
                          placeholder="e.g. 'f3bba1Qw7MjrbvwxLGUn'"
                          type="password"
                          value=""
                        />
                        <span
                          class="ant-input-suffix"
                        >
                          <span
                            aria-label="eye-invisible"
                            class="anticon anticon-eye-invisible ant-input-password-icon"
                            role="img"
                            tabindex="-1"
                          >
                            <svg
                              aria-hidden="true"
                              data-icon="eye-invisible"
                              fill="currentColor"
                              focusable="false"
                              height="1em"
                              viewBox="64 64 896 896"
                              width="1em"
                            >
                              <path
                                d="M942.2 486.2Q889.47 375.11 816.7 305l-50.88 50.88C807.31 395.53 843.45 447.4 874.7 512 791.5 684.2 673.4 766 512 766q-72.67 0-133.87-22.38L323 798.75Q408 838 512 838q288.3 0 430.2-300.3a60.29 60.29 0 000-51.5zm-63.57-320.64L836 122.88a8 8 0 00-11.32 0L715.31 232.2Q624.86 186 512 186q-288.3 0-430.2 300.3a60.3 60.3 0 000 51.5q56.69 119.4 136.5 191.41L112.48 835a8 8 0 000 11.31L155.17 889a8 8 0 0011.31 0l712.15-712.12a8 8 0 000-11.32zM149.3 512C232.6 339.8 350.7 258 512 258c54.54 0 104.13 9.36 149.12 28.39l-70.3 70.3a176 176 0 00-238.13 238.13l-83.42 83.42C223.1 637.49 183.3 582.28 149.3 512zm246.7 0a112.11 112.11 0 01146.2-106.69L401.31 546.2A112 112 0 01396 512z"
                              />
                              <path
                                d="M508 624c-3.46 0-6.87-.16-10.25-.47l-52.82 52.82a176.09 176.09 0 00227.42-227.42l-52.82 52.82c.31 3.38.47 6.79.47 10.25a111.94 111.94 0 01-112 112z"
                              />
                            </svg>
                          </span>
                        </span>
                      </span>
                    </div>
                  </div>
                </div>
              </div>
              <div
                class="ant-row ant-form-item"
              >
                <div
                  class="ant-col ant-form-item-control"
                >
                  <div
                    class="ant-form-item-control-input"
                  >
                    <div
                      class="ant-form-item-control-input-content"
                    >
                      <button
                        aria-label="submitCredentials"
                        class="ant-btn ant-btn-primary"
                        type="submit"
                      >
                        <span>
                          Submit
                        </span>
                      </button>
                    </div>
                  </div>
                </div>
              </div>
            </form>
          </div>
        </div>
      </div>
    </div>
  </body>,
  "container": <div>
    <div
      class="page"
    >
      <div
        class="header orange"
        role="banner"
      >
        <img
          alt="logo"
          class="App-logo"
          src="gitlab-logo-w.png"
        />
        <div
          class="header-text-container"
        >
          <h1
            class="header-text"
          >
            Lab Assistant
          </h1>
        </div>
        <div
          class="theme-switch-container"
        >
          <span
            aria-label="bg-colors"
            class="anticon anticon-bg-colors theme-switch-icon"
            role="img"
          >
            <svg
              aria-hidden="true"
              data-icon="bg-colors"
              fill="currentColor"
              focusable="false"
              height="1em"
              viewBox="64 64 896 896"
              width="1em"
            >
              <path
                d="M766.4 744.3c43.7 0 79.4-36.2 79.4-80.5 0-53.5-79.4-140.8-79.4-140.8S687 610.3 687 663.8c0 44.3 35.7 80.5 79.4 80.5zm-377.1-44.1c7.1 7.1 18.6 7.1 25.6 0l256.1-256c7.1-7.1 7.1-18.6 0-25.6l-256-256c-.6-.6-1.3-1.2-2-1.7l-78.2-78.2a9.11 9.11 0 00-12.8 0l-48 48a9.11 9.11 0 000 12.8l67.2 67.2-207.8 207.9c-7.1 7.1-7.1 18.6 0 25.6l255.9 256zm12.9-448.6l178.9 178.9H223.4l178.8-178.9zM904 816H120c-4.4 0-8 3.6-8 8v80c0 4.4 3.6 8 8 8h784c4.4 0 8-3.6 8-8v-80c0-4.4-3.6-8-8-8z"
              />
            </svg>
          </span>
          <button
            aria-checked="false"
            class="ant-switch theme-switch orange"
            role="switch"
            type="button"
          >
            <div
              class="ant-switch-handle"
            />
            <span
              class="ant-switch-inner"
            />
          </button>
        </div>
      </div>
      <div
        class="authFormContainer"
      >
        <div
          class="auth-form"
        >
          <div
            class="ant-alert ant-alert-info ant-alert-with-description auth-form-info"
            data-show="true"
            role="alert"
          >
            <span
              aria-label="info-circle"
              class="anticon anticon-info-circle ant-alert-icon"
              role="img"
            >
              <svg
                aria-hidden="true"
                data-icon="info-circle"
                fill="currentColor"
                focusable="false"
                height="1em"
                viewBox="64 64 896 896"
                width="1em"
              >
                <path
                  d="M512 64C264.6 64 64 264.6 64 512s200.6 448 448 448 448-200.6 448-448S759.4 64 512 64zm0 820c-205.4 0-372-166.6-372-372s166.6-372 372-372 372 166.6 372 372-166.6 372-372 372z"
                />
                <path
                  d="M464 336a48 48 0 1096 0 48 48 0 10-96 0zm72 112h-48c-4.4 0-8 3.6-8 8v272c0 4.4 3.6 8 8 8h48c4.4 0 8-3.6 8-8V456c0-4.4-3.6-8-8-8z"
                />
              </svg>
            </span>
            <div
              class="ant-alert-content"
            >
              <div
                class="ant-alert-message"
              >
                Welcome!
              </div>
              <div
                class="ant-alert-description"
              >
                <span
                  class="ant-typography"
                >
                  <div
                    class="ant-typography"
                  >
                    In order to display some cool insights into your project, we need valid credentials for accessing your GitLab project.
                  </div>
                  <div
                    class="ant-typography"
                  >
                    Your project identification can either be the number displayed right under your project name on GitLab, or the project path visible in the URL (the part after 
                    <span
                      class="ant-typography"
                    >
                      <code>
                        https://gitlab.stud.idi.ntnu.no/
                      </code>
                    </span>
                    )
                  </div>
                  <div
                    class="ant-typography"
                  >
                    An access token can be generated from GitLab at 
                    <span
                      class="ant-typography"
                    >
                      <code>
                        Settings &gt; Access Tokens
                      </code>
                    </span>
                  </div>
                </span>
              </div>
            </div>
          </div>
          <form
            class="ant-form ant-form-vertical"
          >
            <div
              class="ant-row ant-form-item"
            >
              <div
                class="ant-col ant-form-item-label"
              >
                <label
                  class="ant-form-item-required"
                  for="projectId"
                  title="Project Identification"
                >
                  Project Identification
                </label>
              </div>
              <div
                class="ant-col ant-form-item-control"
              >
                <div
                  class="ant-form-item-control-input"
                >
                  <div
                    class="ant-form-item-control-input-content"
                  >
                    <input
                      aria-label="projectIdInput"
                      class="ant-input"
                      id="projectId"
                      placeholder="e.g. '12345' or 'it2810-h21/team-321/project-2'"
                      type="text"
                      value=""
                    />
                  </div>
                </div>
              </div>
            </div>
            <div
              class="ant-row ant-form-item"
            >
              <div
                class="ant-col ant-form-item-label"
              >
                <label
                  class="ant-form-item-required"
                  for="accessToken"
                  title="Access Token"
                >
                  Access Token
                </label>
              </div>
              <div
                class="ant-col ant-form-item-control"
              >
                <div
                  class="ant-form-item-control-input"
                >
                  <div
                    class="ant-form-item-control-input-content"
                  >
                    <span
                      class="ant-input-affix-wrapper ant-input-password"
                    >
                      <input
                        action="click"
                        aria-label="accessTokenInput"
                        class="ant-input"
                        id="accessToken"
                        placeholder="e.g. 'f3bba1Qw7MjrbvwxLGUn'"
                        type="password"
                        value=""
                      />
                      <span
                        class="ant-input-suffix"
                      >
                        <span
                          aria-label="eye-invisible"
                          class="anticon anticon-eye-invisible ant-input-password-icon"
                          role="img"
                          tabindex="-1"
                        >
                          <svg
                            aria-hidden="true"
                            data-icon="eye-invisible"
                            fill="currentColor"
                            focusable="false"
                            height="1em"
                            viewBox="64 64 896 896"
                            width="1em"
                          >
                            <path
                              d="M942.2 486.2Q889.47 375.11 816.7 305l-50.88 50.88C807.31 395.53 843.45 447.4 874.7 512 791.5 684.2 673.4 766 512 766q-72.67 0-133.87-22.38L323 798.75Q408 838 512 838q288.3 0 430.2-300.3a60.29 60.29 0 000-51.5zm-63.57-320.64L836 122.88a8 8 0 00-11.32 0L715.31 232.2Q624.86 186 512 186q-288.3 0-430.2 300.3a60.3 60.3 0 000 51.5q56.69 119.4 136.5 191.41L112.48 835a8 8 0 000 11.31L155.17 889a8 8 0 0011.31 0l712.15-712.12a8 8 0 000-11.32zM149.3 512C232.6 339.8 350.7 258 512 258c54.54 0 104.13 9.36 149.12 28.39l-70.3 70.3a176 176 0 00-238.13 238.13l-83.42 83.42C223.1 637.49 183.3 582.28 149.3 512zm246.7 0a112.11 112.11 0 01146.2-106.69L401.31 546.2A112 112 0 01396 512z"
                            />
                            <path
                              d="M508 624c-3.46 0-6.87-.16-10.25-.47l-52.82 52.82a176.09 176.09 0 00227.42-227.42l-52.82 52.82c.31 3.38.47 6.79.47 10.25a111.94 111.94 0 01-112 112z"
                            />
                          </svg>
                        </span>
                      </span>
                    </span>
                  </div>
                </div>
              </div>
            </div>
            <div
              class="ant-row ant-form-item"
            >
              <div
                class="ant-col ant-form-item-control"
              >
                <div
                  class="ant-form-item-control-input"
                >
                  <div
                    class="ant-form-item-control-input-content"
                  >
                    <button
                      aria-label="submitCredentials"
                      class="ant-btn ant-btn-primary"
                      type="submit"
                    >
                      <span>
                        Submit
                      </span>
                    </button>
                  </div>
                </div>
              </div>
            </div>
          </form>
        </div>
      </div>
    </div>
  </div>,
  "debug": [Function],
  "findAllByAltText": [Function],
  "findAllByDisplayValue": [Function],
  "findAllByLabelText": [Function],
  "findAllByPlaceholderText": [Function],
  "findAllByRole": [Function],
  "findAllByTestId": [Function],
  "findAllByText": [Function],
  "findAllByTitle": [Function],
  "findByAltText": [Function],
  "findByDisplayValue": [Function],
  "findByLabelText": [Function],
  "findByPlaceholderText": [Function],
  "findByRole": [Function],
  "findByTestId": [Function],
  "findByText": [Function],
  "findByTitle": [Function],
  "getAllByAltText": [Function],
  "getAllByDisplayValue": [Function],
  "getAllByLabelText": [Function],
  "getAllByPlaceholderText": [Function],
  "getAllByRole": [Function],
  "getAllByTestId": [Function],
  "getAllByText": [Function],
  "getAllByTitle": [Function],
  "getByAltText": [Function],
  "getByDisplayValue": [Function],
  "getByLabelText": [Function],
  "getByPlaceholderText": [Function],
  "getByRole": [Function],
  "getByTestId": [Function],
  "getByText": [Function],
  "getByTitle": [Function],
  "queryAllByAltText": [Function],
  "queryAllByDisplayValue": [Function],
  "queryAllByLabelText": [Function],
  "queryAllByPlaceholderText": [Function],
  "queryAllByRole": [Function],
  "queryAllByTestId": [Function],
  "queryAllByText": [Function],
  "queryAllByTitle": [Function],
  "queryByAltText": [Function],
  "queryByDisplayValue": [Function],
  "queryByLabelText": [Function],
  "queryByPlaceholderText": [Function],
  "queryByRole": [Function],
  "queryByTestId": [Function],
  "queryByText": [Function],
  "queryByTitle": [Function],
  "rerender": [Function],
  "unmount": [Function],
}
`;
